nice
hello
nice
what
helli
shs
nice
legend
what up
cool
bal